// Jest Snapshot v1, https://goo.gl/fbAQLP

exports[`Button renders correctly 1`] = `
ReactWrapper {
  "length": 1,
  Symbol(enzyme.__unrendered__): <Button
    className=""
    disabled={false}
    display="normal"
    loading={false}
    onClick={[Function]}
    size="medium"
    style={Object {}}
    type="primary"
  >
    Hello Jest!
  </Button>,
  Symbol(enzyme.__renderer__): Object {
    "batchedUpdates": [Function],
    "getNode": [Function],
    "render": [Function],
    "simulateEvent": [Function],
    "unmount": [Function],
  },
  Symbol(enzyme.__root__): [Circular],
  Symbol(enzyme.__node__): Object {
    "instance": Button {
      "_reactInternalFiber": FiberNode {
        "_debugID": 5,
        "_debugIsCurrentlyTiming": false,
        "_debugOwner": FiberNode {
          "_debugID": 4,
          "_debugIsCurrentlyTiming": false,
          "_debugOwner": null,
          "_debugSource": null,
          "actualDuration": 0,
          "actualStartTime": 0,
          "alternate": null,
          "child": [Circular],
          "effectTag": 1,
          "expirationTime": 0,
          "firstEffect": null,
          "index": 0,
          "key": null,
          "lastEffect": null,
          "memoizedProps": Object {
            "Component": [Function],
            "context": null,
            "props": Object {
              "children": "Hello Jest!",
              "className": "",
              "disabled": false,
              "display": "normal",
              "loading": false,
              "onClick": [Function],
              "size": "medium",
              "style": Object {},
              "type": "primary",
            },
          },
          "memoizedState": Object {
            "context": null,
            "mount": true,
            "props": Object {
              "children": "Hello Jest!",
              "className": "",
              "disabled": false,
              "display": "normal",
              "loading": false,
              "onClick": [Function],
              "size": "medium",
              "style": Object {},
              "type": "primary",
            },
          },
          "mode": 0,
          "nextEffect": null,
          "pendingProps": Object {
            "Component": [Function],
            "context": null,
            "props": Object {
              "children": "Hello Jest!",
              "className": "",
              "disabled": false,
              "display": "normal",
              "loading": false,
              "onClick": [Function],
              "size": "medium",
              "style": Object {},
              "type": "primary",
            },
          },
          "ref": null,
          "return": FiberNode {
            "_debugID": 1,
            "_debugIsCurrentlyTiming": false,
            "_debugOwner": null,
            "_debugSource": null,
            "actualDuration": 0,
            "actualStartTime": 0,
            "alternate": FiberNode {
              "_debugID": 1,
              "_debugIsCurrentlyTiming": false,
              "_debugOwner": null,
              "_debugSource": null,
              "actualDuration": 0,
              "actualStartTime": 0,
              "alternate": [Circular],
              "child": null,
              "effectTag": 0,
              "expirationTime": 1,
              "firstEffect": null,
              "index": 0,
              "key": null,
              "lastEffect": null,
              "memoizedProps": null,
              "memoizedState": null,
              "mode": 0,
              "nextEffect": null,
              "pendingProps": null,
              "ref": null,
              "return": null,
              "selfBaseTime": 0,
              "sibling": null,
              "stateNode": Object {
                "containerInfo": <div>
                  <div
                    class="t-button t-button-primary t-button-normal t-button-size-medium"
                  >
                    Hello Jest!
                  </div>
                </div>,
                "context": Object {},
                "current": [Circular],
                "earliestPendingTime": 0,
                "earliestSuspendedTime": 0,
                "finishedWork": null,
                "firstBatch": null,
                "hydrate": false,
                "latestPendingTime": 0,
                "latestPingedTime": 0,
                "latestSuspendedTime": 0,
                "nextScheduledRoot": null,
                "pendingChildren": null,
                "pendingCommitExpirationTime": 0,
                "pendingContext": null,
                "remainingExpirationTime": 0,
              },
              "tag": 3,
              "treeBaseTime": 0,
              "type": null,
              "updateQueue": Object {
                "baseState": null,
                "expirationTime": 1,
                "firstCapturedEffect": null,
                "firstCapturedUpdate": null,
                "firstEffect": null,
                "firstUpdate": Object {
                  "callback": null,
                  "expirationTime": 1,
                  "next": null,
                  "nextEffect": null,
                  "payload": Object {
                    "element": <WrapperComponent
                      Component={[Function]}
                      context={null}
                      props={
                        Object {
                          "children": "Hello Jest!",
                          "className": "",
                          "disabled": false,
                          "display": "normal",
                          "loading": false,
                          "onClick": [Function],
                          "size": "medium",
                          "style": Object {},
                          "type": "primary",
                        }
                      }
                    />,
                  },
                  "tag": 0,
                },
                "lastCapturedEffect": null,
                "lastCapturedUpdate": null,
                "lastEffect": null,
                "lastUpdate": Object {
                  "callback": null,
                  "expirationTime": 1,
                  "next": null,
                  "nextEffect": null,
                  "payload": Object {
                    "element": <WrapperComponent
                      Component={[Function]}
                      context={null}
                      props={
                        Object {
                          "children": "Hello Jest!",
                          "className": "",
                          "disabled": false,
                          "display": "normal",
                          "loading": false,
                          "onClick": [Function],
                          "size": "medium",
                          "style": Object {},
                          "type": "primary",
                        }
                      }
                    />,
                  },
                  "tag": 0,
                },
              },
            },
            "child": [Circular],
            "effectTag": 32,
            "expirationTime": 0,
            "firstEffect": [Circular],
            "index": 0,
            "key": null,
            "lastEffect": [Circular],
            "memoizedProps": null,
            "memoizedState": Object {
              "element": <WrapperComponent
                Component={[Function]}
                context={null}
                props={
                  Object {
                    "children": "Hello Jest!",
                    "className": "",
                    "disabled": false,
                    "display": "normal",
                    "loading": false,
                    "onClick": [Function],
                    "size": "medium",
                    "style": Object {},
                    "type": "primary",
                  }
                }
              />,
            },
            "mode": 0,
            "nextEffect": null,
            "pendingProps": null,
            "ref": null,
            "return": null,
            "selfBaseTime": 0,
            "sibling": null,
            "stateNode": Object {
              "containerInfo": <div>
                <div
                  class="t-button t-button-primary t-button-normal t-button-size-medium"
                >
                  Hello Jest!
                </div>
              </div>,
              "context": Object {},
              "current": [Circular],
              "earliestPendingTime": 0,
              "earliestSuspendedTime": 0,
              "finishedWork": null,
              "firstBatch": null,
              "hydrate": false,
              "latestPendingTime": 0,
              "latestPingedTime": 0,
              "latestSuspendedTime": 0,
              "nextScheduledRoot": null,
              "pendingChildren": null,
              "pendingCommitExpirationTime": 0,
              "pendingContext": null,
              "remainingExpirationTime": 0,
            },
            "tag": 3,
            "treeBaseTime": 0,
            "type": null,
            "updateQueue": Object {
              "baseState": Object {
                "element": <WrapperComponent
                  Component={[Function]}
                  context={null}
                  props={
                    Object {
                      "children": "Hello Jest!",
                      "className": "",
                      "disabled": false,
                      "display": "normal",
                      "loading": false,
                      "onClick": [Function],
                      "size": "medium",
                      "style": Object {},
                      "type": "primary",
                    }
                  }
                />,
              },
              "expirationTime": 0,
              "firstCapturedEffect": null,
              "firstCapturedUpdate": null,
              "firstEffect": null,
              "firstUpdate": null,
              "lastCapturedEffect": null,
              "lastCapturedUpdate": null,
              "lastEffect": null,
              "lastUpdate": null,
            },
          },
          "selfBaseTime": 0,
          "sibling": null,
          "stateNode": WrapperComponent {
            "_reactInternalFiber": [Circular],
            "_reactInternalInstance": Object {},
            "context": Object {},
            "props": Object {
              "Component": [Function],
              "context": null,
              "props": Object {
                "children": "Hello Jest!",
                "className": "",
                "disabled": false,
                "display": "normal",
                "loading": false,
                "onClick": [Function],
                "size": "medium",
                "style": Object {},
                "type": "primary",
              },
            },
            "refs": Object {},
            "state": Object {
              "context": null,
              "mount": true,
              "props": Object {
                "children": "Hello Jest!",
                "className": "",
                "disabled": false,
                "display": "normal",
                "loading": false,
                "onClick": [Function],
                "size": "medium",
                "style": Object {},
                "type": "primary",
              },
            },
            "updater": Object {
              "enqueueForceUpdate": [Function],
              "enqueueReplaceState": [Function],
              "enqueueSetState": [Function],
              "isMounted": [Function],
            },
          },
          "tag": 2,
          "treeBaseTime": 0,
          "type": [Function],
          "updateQueue": null,
        },
        "_debugSource": null,
        "actualDuration": 0,
        "actualStartTime": 0,
        "alternate": null,
        "child": FiberNode {
          "_debugID": 6,
          "_debugIsCurrentlyTiming": false,
          "_debugOwner": [Circular],
          "_debugSource": null,
          "actualDuration": 0,
          "actualStartTime": 0,
          "alternate": null,
          "child": FiberNode {
            "_debugID": 7,
            "_debugIsCurrentlyTiming": false,
            "_debugOwner": null,
            "_debugSource": null,
            "actualDuration": 0,
            "actualStartTime": 0,
            "alternate": null,
            "child": null,
            "effectTag": 0,
            "expirationTime": 0,
            "firstEffect": null,
            "index": 1,
            "key": null,
            "lastEffect": null,
            "memoizedProps": "Hello Jest!",
            "memoizedState": null,
            "mode": 0,
            "nextEffect": null,
            "pendingProps": "Hello Jest!",
            "ref": null,
            "return": [Circular],
            "selfBaseTime": 0,
            "sibling": null,
            "stateNode": Hello Jest!,
            "tag": 6,
            "treeBaseTime": 0,
            "type": null,
            "updateQueue": null,
          },
          "effectTag": 0,
          "expirationTime": 0,
          "firstEffect": null,
          "index": 0,
          "key": null,
          "lastEffect": null,
          "memoizedProps": Object {
            "children": Array [
              undefined,
              "Hello Jest!",
            ],
            "className": "t-button t-button-primary t-button-normal t-button-size-medium",
            "disabled": false,
            "onClick": [Function],
            "style": Object {},
          },
          "memoizedState": null,
          "mode": 0,
          "nextEffect": null,
          "pendingProps": Object {
            "children": Array [
              undefined,
              "Hello Jest!",
            ],
            "className": "t-button t-button-primary t-button-normal t-button-size-medium",
            "disabled": false,
            "onClick": [Function],
            "style": Object {},
          },
          "ref": null,
          "return": [Circular],
          "selfBaseTime": 0,
          "sibling": null,
          "stateNode": <div
            class="t-button t-button-primary t-button-normal t-button-size-medium"
          >
            Hello Jest!
          </div>,
          "tag": 5,
          "treeBaseTime": 0,
          "type": "div",
          "updateQueue": null,
        },
        "effectTag": 1,
        "expirationTime": 0,
        "firstEffect": null,
        "index": 0,
        "key": null,
        "lastEffect": null,
        "memoizedProps": Object {
          "children": "Hello Jest!",
          "className": "",
          "disabled": false,
          "display": "normal",
          "loading": false,
          "onClick": [Function],
          "size": "medium",
          "style": Object {},
          "type": "primary",
        },
        "memoizedState": null,
        "mode": 0,
        "nextEffect": null,
        "pendingProps": Object {
          "children": "Hello Jest!",
          "className": "",
          "disabled": false,
          "display": "normal",
          "loading": false,
          "onClick": [Function],
          "size": "medium",
          "style": Object {},
          "type": "primary",
        },
        "ref": null,
        "return": FiberNode {
          "_debugID": 4,
          "_debugIsCurrentlyTiming": false,
          "_debugOwner": null,
          "_debugSource": null,
          "actualDuration": 0,
          "actualStartTime": 0,
          "alternate": null,
          "child": [Circular],
          "effectTag": 1,
          "expirationTime": 0,
          "firstEffect": null,
          "index": 0,
          "key": null,
          "lastEffect": null,
          "memoizedProps": Object {
            "Component": [Function],
            "context": null,
            "props": Object {
              "children": "Hello Jest!",
              "className": "",
              "disabled": false,
              "display": "normal",
              "loading": false,
              "onClick": [Function],
              "size": "medium",
              "style": Object {},
              "type": "primary",
            },
          },
          "memoizedState": Object {
            "context": null,
            "mount": true,
            "props": Object {
              "children": "Hello Jest!",
              "className": "",
              "disabled": false,
              "display": "normal",
              "loading": false,
              "onClick": [Function],
              "size": "medium",
              "style": Object {},
              "type": "primary",
            },
          },
          "mode": 0,
          "nextEffect": null,
          "pendingProps": Object {
            "Component": [Function],
            "context": null,
            "props": Object {
              "children": "Hello Jest!",
              "className": "",
              "disabled": false,
              "display": "normal",
              "loading": false,
              "onClick": [Function],
              "size": "medium",
              "style": Object {},
              "type": "primary",
            },
          },
          "ref": null,
          "return": FiberNode {
            "_debugID": 1,
            "_debugIsCurrentlyTiming": false,
            "_debugOwner": null,
            "_debugSource": null,
            "actualDuration": 0,
            "actualStartTime": 0,
            "alternate": FiberNode {
              "_debugID": 1,
              "_debugIsCurrentlyTiming": false,
              "_debugOwner": null,
              "_debugSource": null,
              "actualDuration": 0,
              "actualStartTime": 0,
              "alternate": [Circular],
              "child": null,
              "effectTag": 0,
              "expirationTime": 1,
              "firstEffect": null,
              "index": 0,
              "key": null,
              "lastEffect": null,
              "memoizedProps": null,
              "memoizedState": null,
              "mode": 0,
              "nextEffect": null,
              "pendingProps": null,
              "ref": null,
              "return": null,
              "selfBaseTime": 0,
              "sibling": null,
              "stateNode": Object {
                "containerInfo": <div>
                  <div
                    class="t-button t-button-primary t-button-normal t-button-size-medium"
                  >
                    Hello Jest!
                  </div>
                </div>,
                "context": Object {},
                "current": [Circular],
                "earliestPendingTime": 0,
                "earliestSuspendedTime": 0,
                "finishedWork": null,
                "firstBatch": null,
                "hydrate": false,
                "latestPendingTime": 0,
                "latestPingedTime": 0,
                "latestSuspendedTime": 0,
                "nextScheduledRoot": null,
                "pendingChildren": null,
                "pendingCommitExpirationTime": 0,
                "pendingContext": null,
                "remainingExpirationTime": 0,
              },
              "tag": 3,
              "treeBaseTime": 0,
              "type": null,
              "updateQueue": Object {
                "baseState": null,
                "expirationTime": 1,
                "firstCapturedEffect": null,
                "firstCapturedUpdate": null,
                "firstEffect": null,
                "firstUpdate": Object {
                  "callback": null,
                  "expirationTime": 1,
                  "next": null,
                  "nextEffect": null,
                  "payload": Object {
                    "element": <WrapperComponent
                      Component={[Function]}
                      context={null}
                      props={
                        Object {
                          "children": "Hello Jest!",
                          "className": "",
                          "disabled": false,
                          "display": "normal",
                          "loading": false,
                          "onClick": [Function],
                          "size": "medium",
                          "style": Object {},
                          "type": "primary",
                        }
                      }
                    />,
                  },
                  "tag": 0,
                },
                "lastCapturedEffect": null,
                "lastCapturedUpdate": null,
                "lastEffect": null,
                "lastUpdate": Object {
                  "callback": null,
                  "expirationTime": 1,
                  "next": null,
                  "nextEffect": null,
                  "payload": Object {
                    "element": <WrapperComponent
                      Component={[Function]}
                      context={null}
                      props={
                        Object {
                          "children": "Hello Jest!",
                          "className": "",
                          "disabled": false,
                          "display": "normal",
                          "loading": false,
                          "onClick": [Function],
                          "size": "medium",
                          "style": Object {},
                          "type": "primary",
                        }
                      }
                    />,
                  },
                  "tag": 0,
                },
              },
            },
            "child": [Circular],
            "effectTag": 32,
            "expirationTime": 0,
            "firstEffect": [Circular],
            "index": 0,
            "key": null,
            "lastEffect": [Circular],
            "memoizedProps": null,
            "memoizedState": Object {
              "element": <WrapperComponent
                Component={[Function]}
                context={null}
                props={
                  Object {
                    "children": "Hello Jest!",
                    "className": "",
                    "disabled": false,
                    "display": "normal",
                    "loading": false,
                    "onClick": [Function],
                    "size": "medium",
                    "style": Object {},
                    "type": "primary",
                  }
                }
              />,
            },
            "mode": 0,
            "nextEffect": null,
            "pendingProps": null,
            "ref": null,
            "return": null,
            "selfBaseTime": 0,
            "sibling": null,
            "stateNode": Object {
              "containerInfo": <div>
                <div
                  class="t-button t-button-primary t-button-normal t-button-size-medium"
                >
                  Hello Jest!
                </div>
              </div>,
              "context": Object {},
              "current": [Circular],
              "earliestPendingTime": 0,
              "earliestSuspendedTime": 0,
              "finishedWork": null,
              "firstBatch": null,
              "hydrate": false,
              "latestPendingTime": 0,
              "latestPingedTime": 0,
              "latestSuspendedTime": 0,
              "nextScheduledRoot": null,
              "pendingChildren": null,
              "pendingCommitExpirationTime": 0,
              "pendingContext": null,
              "remainingExpirationTime": 0,
            },
            "tag": 3,
            "treeBaseTime": 0,
            "type": null,
            "updateQueue": Object {
              "baseState": Object {
                "element": <WrapperComponent
                  Component={[Function]}
                  context={null}
                  props={
                    Object {
                      "children": "Hello Jest!",
                      "className": "",
                      "disabled": false,
                      "display": "normal",
                      "loading": false,
                      "onClick": [Function],
                      "size": "medium",
                      "style": Object {},
                      "type": "primary",
                    }
                  }
                />,
              },
              "expirationTime": 0,
              "firstCapturedEffect": null,
              "firstCapturedUpdate": null,
              "firstEffect": null,
              "firstUpdate": null,
              "lastCapturedEffect": null,
              "lastCapturedUpdate": null,
              "lastEffect": null,
              "lastUpdate": null,
            },
          },
          "selfBaseTime": 0,
          "sibling": null,
          "stateNode": WrapperComponent {
            "_reactInternalFiber": [Circular],
            "_reactInternalInstance": Object {},
            "context": Object {},
            "props": Object {
              "Component": [Function],
              "context": null,
              "props": Object {
                "children": "Hello Jest!",
                "className": "",
                "disabled": false,
                "display": "normal",
                "loading": false,
                "onClick": [Function],
                "size": "medium",
                "style": Object {},
                "type": "primary",
              },
            },
            "refs": Object {},
            "state": Object {
              "context": null,
              "mount": true,
              "props": Object {
                "children": "Hello Jest!",
                "className": "",
                "disabled": false,
                "display": "normal",
                "loading": false,
                "onClick": [Function],
                "size": "medium",
                "style": Object {},
                "type": "primary",
              },
            },
            "updater": Object {
              "enqueueForceUpdate": [Function],
              "enqueueReplaceState": [Function],
              "enqueueSetState": [Function],
              "isMounted": [Function],
            },
          },
          "tag": 2,
          "treeBaseTime": 0,
          "type": [Function],
          "updateQueue": null,
        },
        "selfBaseTime": 0,
        "sibling": null,
        "stateNode": [Circular],
        "tag": 2,
        "treeBaseTime": 0,
        "type": [Function],
        "updateQueue": null,
      },
      "_reactInternalInstance": Object {},
      "context": Object {},
      "onClick": [Function],
      "props": Object {
        "children": "Hello Jest!",
        "className": "",
        "disabled": false,
        "display": "normal",
        "loading": false,
        "onClick": [Function],
        "size": "medium",
        "style": Object {},
        "type": "primary",
      },
      "refs": Object {},
      "state": null,
      "updater": Object {
        "enqueueForceUpdate": [Function],
        "enqueueReplaceState": [Function],
        "enqueueSetState": [Function],
        "isMounted": [Function],
      },
    },
    "key": undefined,
    "nodeType": "class",
    "props": Object {
      "children": "Hello Jest!",
      "className": "",
      "disabled": false,
      "display": "normal",
      "loading": false,
      "onClick": [Function],
      "size": "medium",
      "style": Object {},
      "type": "primary",
    },
    "ref": null,
    "rendered": Object {
      "instance": <div
        class="t-button t-button-primary t-button-normal t-button-size-medium"
      >
        Hello Jest!
      </div>,
      "key": undefined,
      "nodeType": "host",
      "props": Object {
        "children": Array [
          undefined,
          "Hello Jest!",
        ],
        "className": "t-button t-button-primary t-button-normal t-button-size-medium",
        "disabled": false,
        "onClick": [Function],
        "style": Object {},
      },
      "ref": null,
      "rendered": Array [
        "Hello Jest!",
      ],
      "type": "div",
    },
    "type": [Function],
  },
  Symbol(enzyme.__nodes__): Array [
    Object {
      "instance": Button {
        "_reactInternalFiber": FiberNode {
          "_debugID": 5,
          "_debugIsCurrentlyTiming": false,
          "_debugOwner": FiberNode {
            "_debugID": 4,
            "_debugIsCurrentlyTiming": false,
            "_debugOwner": null,
            "_debugSource": null,
            "actualDuration": 0,
            "actualStartTime": 0,
            "alternate": null,
            "child": [Circular],
            "effectTag": 1,
            "expirationTime": 0,
            "firstEffect": null,
            "index": 0,
            "key": null,
            "lastEffect": null,
            "memoizedProps": Object {
              "Component": [Function],
              "context": null,
              "props": Object {
                "children": "Hello Jest!",
                "className": "",
                "disabled": false,
                "display": "normal",
                "loading": false,
                "onClick": [Function],
                "size": "medium",
                "style": Object {},
                "type": "primary",
              },
            },
            "memoizedState": Object {
              "context": null,
              "mount": true,
              "props": Object {
                "children": "Hello Jest!",
                "className": "",
                "disabled": false,
                "display": "normal",
                "loading": false,
                "onClick": [Function],
                "size": "medium",
                "style": Object {},
                "type": "primary",
              },
            },
            "mode": 0,
            "nextEffect": null,
            "pendingProps": Object {
              "Component": [Function],
              "context": null,
              "props": Object {
                "children": "Hello Jest!",
                "className": "",
                "disabled": false,
                "display": "normal",
                "loading": false,
                "onClick": [Function],
                "size": "medium",
                "style": Object {},
                "type": "primary",
              },
            },
            "ref": null,
            "return": FiberNode {
              "_debugID": 1,
              "_debugIsCurrentlyTiming": false,
              "_debugOwner": null,
              "_debugSource": null,
              "actualDuration": 0,
              "actualStartTime": 0,
              "alternate": FiberNode {
                "_debugID": 1,
                "_debugIsCurrentlyTiming": false,
                "_debugOwner": null,
                "_debugSource": null,
                "actualDuration": 0,
                "actualStartTime": 0,
                "alternate": [Circular],
                "child": null,
                "effectTag": 0,
                "expirationTime": 1,
                "firstEffect": null,
                "index": 0,
                "key": null,
                "lastEffect": null,
                "memoizedProps": null,
                "memoizedState": null,
                "mode": 0,
                "nextEffect": null,
                "pendingProps": null,
                "ref": null,
                "return": null,
                "selfBaseTime": 0,
                "sibling": null,
                "stateNode": Object {
                  "containerInfo": <div>
                    <div
                      class="t-button t-button-primary t-button-normal t-button-size-medium"
                    >
                      Hello Jest!
                    </div>
                  </div>,
                  "context": Object {},
                  "current": [Circular],
                  "earliestPendingTime": 0,
                  "earliestSuspendedTime": 0,
                  "finishedWork": null,
                  "firstBatch": null,
                  "hydrate": false,
                  "latestPendingTime": 0,
                  "latestPingedTime": 0,
                  "latestSuspendedTime": 0,
                  "nextScheduledRoot": null,
                  "pendingChildren": null,
                  "pendingCommitExpirationTime": 0,
                  "pendingContext": null,
                  "remainingExpirationTime": 0,
                },
                "tag": 3,
                "treeBaseTime": 0,
                "type": null,
                "updateQueue": Object {
                  "baseState": null,
                  "expirationTime": 1,
                  "firstCapturedEffect": null,
                  "firstCapturedUpdate": null,
                  "firstEffect": null,
                  "firstUpdate": Object {
                    "callback": null,
                    "expirationTime": 1,
                    "next": null,
                    "nextEffect": null,
                    "payload": Object {
                      "element": <WrapperComponent
                        Component={[Function]}
                        context={null}
                        props={
                          Object {
                            "children": "Hello Jest!",
                            "className": "",
                            "disabled": false,
                            "display": "normal",
                            "loading": false,
                            "onClick": [Function],
                            "size": "medium",
                            "style": Object {},
                            "type": "primary",
                          }
                        }
                      />,
                    },
                    "tag": 0,
                  },
                  "lastCapturedEffect": null,
                  "lastCapturedUpdate": null,
                  "lastEffect": null,
                  "lastUpdate": Object {
                    "callback": null,
                    "expirationTime": 1,
                    "next": null,
                    "nextEffect": null,
                    "payload": Object {
                      "element": <WrapperComponent
                        Component={[Function]}
                        context={null}
                        props={
                          Object {
                            "children": "Hello Jest!",
                            "className": "",
                            "disabled": false,
                            "display": "normal",
                            "loading": false,
                            "onClick": [Function],
                            "size": "medium",
                            "style": Object {},
                            "type": "primary",
                          }
                        }
                      />,
                    },
                    "tag": 0,
                  },
                },
              },
              "child": [Circular],
              "effectTag": 32,
              "expirationTime": 0,
              "firstEffect": [Circular],
              "index": 0,
              "key": null,
              "lastEffect": [Circular],
              "memoizedProps": null,
              "memoizedState": Object {
                "element": <WrapperComponent
                  Component={[Function]}
                  context={null}
                  props={
                    Object {
                      "children": "Hello Jest!",
                      "className": "",
                      "disabled": false,
                      "display": "normal",
                      "loading": false,
                      "onClick": [Function],
                      "size": "medium",
                      "style": Object {},
                      "type": "primary",
                    }
                  }
                />,
              },
              "mode": 0,
              "nextEffect": null,
              "pendingProps": null,
              "ref": null,
              "return": null,
              "selfBaseTime": 0,
              "sibling": null,
              "stateNode": Object {
                "containerInfo": <div>
                  <div
                    class="t-button t-button-primary t-button-normal t-button-size-medium"
                  >
                    Hello Jest!
                  </div>
                </div>,
                "context": Object {},
                "current": [Circular],
                "earliestPendingTime": 0,
                "earliestSuspendedTime": 0,
                "finishedWork": null,
                "firstBatch": null,
                "hydrate": false,
                "latestPendingTime": 0,
                "latestPingedTime": 0,
                "latestSuspendedTime": 0,
                "nextScheduledRoot": null,
                "pendingChildren": null,
                "pendingCommitExpirationTime": 0,
                "pendingContext": null,
                "remainingExpirationTime": 0,
              },
              "tag": 3,
              "treeBaseTime": 0,
              "type": null,
              "updateQueue": Object {
                "baseState": Object {
                  "element": <WrapperComponent
                    Component={[Function]}
                    context={null}
                    props={
                      Object {
                        "children": "Hello Jest!",
                        "className": "",
                        "disabled": false,
                        "display": "normal",
                        "loading": false,
                        "onClick": [Function],
                        "size": "medium",
                        "style": Object {},
                        "type": "primary",
                      }
                    }
                  />,
                },
                "expirationTime": 0,
                "firstCapturedEffect": null,
                "firstCapturedUpdate": null,
                "firstEffect": null,
                "firstUpdate": null,
                "lastCapturedEffect": null,
                "lastCapturedUpdate": null,
                "lastEffect": null,
                "lastUpdate": null,
              },
            },
            "selfBaseTime": 0,
            "sibling": null,
            "stateNode": WrapperComponent {
              "_reactInternalFiber": [Circular],
              "_reactInternalInstance": Object {},
              "context": Object {},
              "props": Object {
                "Component": [Function],
                "context": null,
                "props": Object {
                  "children": "Hello Jest!",
                  "className": "",
                  "disabled": false,
                  "display": "normal",
                  "loading": false,
                  "onClick": [Function],
                  "size": "medium",
                  "style": Object {},
                  "type": "primary",
                },
              },
              "refs": Object {},
              "state": Object {
                "context": null,
                "mount": true,
                "props": Object {
                  "children": "Hello Jest!",
                  "className": "",
                  "disabled": false,
                  "display": "normal",
                  "loading": false,
                  "onClick": [Function],
                  "size": "medium",
                  "style": Object {},
                  "type": "primary",
                },
              },
              "updater": Object {
                "enqueueForceUpdate": [Function],
                "enqueueReplaceState": [Function],
                "enqueueSetState": [Function],
                "isMounted": [Function],
              },
            },
            "tag": 2,
            "treeBaseTime": 0,
            "type": [Function],
            "updateQueue": null,
          },
          "_debugSource": null,
          "actualDuration": 0,
          "actualStartTime": 0,
          "alternate": null,
          "child": FiberNode {
            "_debugID": 6,
            "_debugIsCurrentlyTiming": false,
            "_debugOwner": [Circular],
            "_debugSource": null,
            "actualDuration": 0,
            "actualStartTime": 0,
            "alternate": null,
            "child": FiberNode {
              "_debugID": 7,
              "_debugIsCurrentlyTiming": false,
              "_debugOwner": null,
              "_debugSource": null,
              "actualDuration": 0,
              "actualStartTime": 0,
              "alternate": null,
              "child": null,
              "effectTag": 0,
              "expirationTime": 0,
              "firstEffect": null,
              "index": 1,
              "key": null,
              "lastEffect": null,
              "memoizedProps": "Hello Jest!",
              "memoizedState": null,
              "mode": 0,
              "nextEffect": null,
              "pendingProps": "Hello Jest!",
              "ref": null,
              "return": [Circular],
              "selfBaseTime": 0,
              "sibling": null,
              "stateNode": Hello Jest!,
              "tag": 6,
              "treeBaseTime": 0,
              "type": null,
              "updateQueue": null,
            },
            "effectTag": 0,
            "expirationTime": 0,
            "firstEffect": null,
            "index": 0,
            "key": null,
            "lastEffect": null,
            "memoizedProps": Object {
              "children": Array [
                undefined,
                "Hello Jest!",
              ],
              "className": "t-button t-button-primary t-button-normal t-button-size-medium",
              "disabled": false,
              "onClick": [Function],
              "style": Object {},
            },
            "memoizedState": null,
            "mode": 0,
            "nextEffect": null,
            "pendingProps": Object {
              "children": Array [
                undefined,
                "Hello Jest!",
              ],
              "className": "t-button t-button-primary t-button-normal t-button-size-medium",
              "disabled": false,
              "onClick": [Function],
              "style": Object {},
            },
            "ref": null,
            "return": [Circular],
            "selfBaseTime": 0,
            "sibling": null,
            "stateNode": <div
              class="t-button t-button-primary t-button-normal t-button-size-medium"
            >
              Hello Jest!
            </div>,
            "tag": 5,
            "treeBaseTime": 0,
            "type": "div",
            "updateQueue": null,
          },
          "effectTag": 1,
          "expirationTime": 0,
          "firstEffect": null,
          "index": 0,
          "key": null,
          "lastEffect": null,
          "memoizedProps": Object {
            "children": "Hello Jest!",
            "className": "",
            "disabled": false,
            "display": "normal",
            "loading": false,
            "onClick": [Function],
            "size": "medium",
            "style": Object {},
            "type": "primary",
          },
          "memoizedState": null,
          "mode": 0,
          "nextEffect": null,
          "pendingProps": Object {
            "children": "Hello Jest!",
            "className": "",
            "disabled": false,
            "display": "normal",
            "loading": false,
            "onClick": [Function],
            "size": "medium",
            "style": Object {},
            "type": "primary",
          },
          "ref": null,
          "return": FiberNode {
            "_debugID": 4,
            "_debugIsCurrentlyTiming": false,
            "_debugOwner": null,
            "_debugSource": null,
            "actualDuration": 0,
            "actualStartTime": 0,
            "alternate": null,
            "child": [Circular],
            "effectTag": 1,
            "expirationTime": 0,
            "firstEffect": null,
            "index": 0,
            "key": null,
            "lastEffect": null,
            "memoizedProps": Object {
              "Component": [Function],
              "context": null,
              "props": Object {
                "children": "Hello Jest!",
                "className": "",
                "disabled": false,
                "display": "normal",
                "loading": false,
                "onClick": [Function],
                "size": "medium",
                "style": Object {},
                "type": "primary",
              },
            },
            "memoizedState": Object {
              "context": null,
              "mount": true,
              "props": Object {
                "children": "Hello Jest!",
                "className": "",
                "disabled": false,
                "display": "normal",
                "loading": false,
                "onClick": [Function],
                "size": "medium",
                "style": Object {},
                "type": "primary",
              },
            },
            "mode": 0,
            "nextEffect": null,
            "pendingProps": Object {
              "Component": [Function],
              "context": null,
              "props": Object {
                "children": "Hello Jest!",
                "className": "",
                "disabled": false,
                "display": "normal",
                "loading": false,
                "onClick": [Function],
                "size": "medium",
                "style": Object {},
                "type": "primary",
              },
            },
            "ref": null,
            "return": FiberNode {
              "_debugID": 1,
              "_debugIsCurrentlyTiming": false,
              "_debugOwner": null,
              "_debugSource": null,
              "actualDuration": 0,
              "actualStartTime": 0,
              "alternate": FiberNode {
                "_debugID": 1,
                "_debugIsCurrentlyTiming": false,
                "_debugOwner": null,
                "_debugSource": null,
                "actualDuration": 0,
                "actualStartTime": 0,
                "alternate": [Circular],
                "child": null,
                "effectTag": 0,
                "expirationTime": 1,
                "firstEffect": null,
                "index": 0,
                "key": null,
                "lastEffect": null,
                "memoizedProps": null,
                "memoizedState": null,
                "mode": 0,
                "nextEffect": null,
                "pendingProps": null,
                "ref": null,
                "return": null,
                "selfBaseTime": 0,
                "sibling": null,
                "stateNode": Object {
                  "containerInfo": <div>
                    <div
                      class="t-button t-button-primary t-button-normal t-button-size-medium"
                    >
                      Hello Jest!
                    </div>
                  </div>,
                  "context": Object {},
                  "current": [Circular],
                  "earliestPendingTime": 0,
                  "earliestSuspendedTime": 0,
                  "finishedWork": null,
                  "firstBatch": null,
                  "hydrate": false,
                  "latestPendingTime": 0,
                  "latestPingedTime": 0,
                  "latestSuspendedTime": 0,
                  "nextScheduledRoot": null,
                  "pendingChildren": null,
                  "pendingCommitExpirationTime": 0,
                  "pendingContext": null,
                  "remainingExpirationTime": 0,
                },
                "tag": 3,
                "treeBaseTime": 0,
                "type": null,
                "updateQueue": Object {
                  "baseState": null,
                  "expirationTime": 1,
                  "firstCapturedEffect": null,
                  "firstCapturedUpdate": null,
                  "firstEffect": null,
                  "firstUpdate": Object {
                    "callback": null,
                    "expirationTime": 1,
                    "next": null,
                    "nextEffect": null,
                    "payload": Object {
                      "element": <WrapperComponent
                        Component={[Function]}
                        context={null}
                        props={
                          Object {
                            "children": "Hello Jest!",
                            "className": "",
                            "disabled": false,
                            "display": "normal",
                            "loading": false,
                            "onClick": [Function],
                            "size": "medium",
                            "style": Object {},
                            "type": "primary",
                          }
                        }
                      />,
                    },
                    "tag": 0,
                  },
                  "lastCapturedEffect": null,
                  "lastCapturedUpdate": null,
                  "lastEffect": null,
                  "lastUpdate": Object {
                    "callback": null,
                    "expirationTime": 1,
                    "next": null,
                    "nextEffect": null,
                    "payload": Object {
                      "element": <WrapperComponent
                        Component={[Function]}
                        context={null}
                        props={
                          Object {
                            "children": "Hello Jest!",
                            "className": "",
                            "disabled": false,
                            "display": "normal",
                            "loading": false,
                            "onClick": [Function],
                            "size": "medium",
                            "style": Object {},
                            "type": "primary",
                          }
                        }
                      />,
                    },
                    "tag": 0,
                  },
                },
              },
              "child": [Circular],
              "effectTag": 32,
              "expirationTime": 0,
              "firstEffect": [Circular],
              "index": 0,
              "key": null,
              "lastEffect": [Circular],
              "memoizedProps": null,
              "memoizedState": Object {
                "element": <WrapperComponent
                  Component={[Function]}
                  context={null}
                  props={
                    Object {
                      "children": "Hello Jest!",
                      "className": "",
                      "disabled": false,
                      "display": "normal",
                      "loading": false,
                      "onClick": [Function],
                      "size": "medium",
                      "style": Object {},
                      "type": "primary",
                    }
                  }
                />,
              },
              "mode": 0,
              "nextEffect": null,
              "pendingProps": null,
              "ref": null,
              "return": null,
              "selfBaseTime": 0,
              "sibling": null,
              "stateNode": Object {
                "containerInfo": <div>
                  <div
                    class="t-button t-button-primary t-button-normal t-button-size-medium"
                  >
                    Hello Jest!
                  </div>
                </div>,
                "context": Object {},
                "current": [Circular],
                "earliestPendingTime": 0,
                "earliestSuspendedTime": 0,
                "finishedWork": null,
                "firstBatch": null,
                "hydrate": false,
                "latestPendingTime": 0,
                "latestPingedTime": 0,
                "latestSuspendedTime": 0,
                "nextScheduledRoot": null,
                "pendingChildren": null,
                "pendingCommitExpirationTime": 0,
                "pendingContext": null,
                "remainingExpirationTime": 0,
              },
              "tag": 3,
              "treeBaseTime": 0,
              "type": null,
              "updateQueue": Object {
                "baseState": Object {
                  "element": <WrapperComponent
                    Component={[Function]}
                    context={null}
                    props={
                      Object {
                        "children": "Hello Jest!",
                        "className": "",
                        "disabled": false,
                        "display": "normal",
                        "loading": false,
                        "onClick": [Function],
                        "size": "medium",
                        "style": Object {},
                        "type": "primary",
                      }
                    }
                  />,
                },
                "expirationTime": 0,
                "firstCapturedEffect": null,
                "firstCapturedUpdate": null,
                "firstEffect": null,
                "firstUpdate": null,
                "lastCapturedEffect": null,
                "lastCapturedUpdate": null,
                "lastEffect": null,
                "lastUpdate": null,
              },
            },
            "selfBaseTime": 0,
            "sibling": null,
            "stateNode": WrapperComponent {
              "_reactInternalFiber": [Circular],
              "_reactInternalInstance": Object {},
              "context": Object {},
              "props": Object {
                "Component": [Function],
                "context": null,
                "props": Object {
                  "children": "Hello Jest!",
                  "className": "",
                  "disabled": false,
                  "display": "normal",
                  "loading": false,
                  "onClick": [Function],
                  "size": "medium",
                  "style": Object {},
                  "type": "primary",
                },
              },
              "refs": Object {},
              "state": Object {
                "context": null,
                "mount": true,
                "props": Object {
                  "children": "Hello Jest!",
                  "className": "",
                  "disabled": false,
                  "display": "normal",
                  "loading": false,
                  "onClick": [Function],
                  "size": "medium",
                  "style": Object {},
                  "type": "primary",
                },
              },
              "updater": Object {
                "enqueueForceUpdate": [Function],
                "enqueueReplaceState": [Function],
                "enqueueSetState": [Function],
                "isMounted": [Function],
              },
            },
            "tag": 2,
            "treeBaseTime": 0,
            "type": [Function],
            "updateQueue": null,
          },
          "selfBaseTime": 0,
          "sibling": null,
          "stateNode": [Circular],
          "tag": 2,
          "treeBaseTime": 0,
          "type": [Function],
          "updateQueue": null,
        },
        "_reactInternalInstance": Object {},
        "context": Object {},
        "onClick": [Function],
        "props": Object {
          "children": "Hello Jest!",
          "className": "",
          "disabled": false,
          "display": "normal",
          "loading": false,
          "onClick": [Function],
          "size": "medium",
          "style": Object {},
          "type": "primary",
        },
        "refs": Object {},
        "state": null,
        "updater": Object {
          "enqueueForceUpdate": [Function],
          "enqueueReplaceState": [Function],
          "enqueueSetState": [Function],
          "isMounted": [Function],
        },
      },
      "key": undefined,
      "nodeType": "class",
      "props": Object {
        "children": "Hello Jest!",
        "className": "",
        "disabled": false,
        "display": "normal",
        "loading": false,
        "onClick": [Function],
        "size": "medium",
        "style": Object {},
        "type": "primary",
      },
      "ref": null,
      "rendered": Object {
        "instance": <div
          class="t-button t-button-primary t-button-normal t-button-size-medium"
        >
          Hello Jest!
        </div>,
        "key": undefined,
        "nodeType": "host",
        "props": Object {
          "children": Array [
            undefined,
            "Hello Jest!",
          ],
          "className": "t-button t-button-primary t-button-normal t-button-size-medium",
          "disabled": false,
          "onClick": [Function],
          "style": Object {},
        },
        "ref": null,
        "rendered": Array [
          "Hello Jest!",
        ],
        "type": "div",
      },
      "type": [Function],
    },
  ],
  Symbol(enzyme.__options__): Object {
    "adapter": ReactSixteenAdapter {
      "options": Object {
        "enableComponentDidUpdateOnSetState": true,
      },
    },
  },
}
`;
